/*
you have not to use ft_split, you have to use one by one character.
2 pointers, one start with the token, the other one ends when find something else
it likes printf way.

ft split or another one will be a mess.


➜  minishell git:(main) ✗ bash
mkhlouf@c1r4p8:~/mygithub/minishell$ 'e'c'h'o ""hel"lo"wor"ld"
helloworld
mkhlouf@c1r4p8:~/mygithub/minishell$ 'e'c'h'o' '
Command 'echo ' not found, did you mean:
  command 'echo' from deb coreutils (8.32-4.1ubuntu1.2)
Try: apt install <deb name>
mkhlouf@c1r4p8:~/mygithub/minishell$ "'echo'"
'echo': command not found
mkhlouf@c1r4p8:~/mygithub/minishell$ "echo
>  hello"
echo


mkhlouf@c1r3p4:~/mygithub/minishell$ echo $HOME/test
/home/mkhlouf/test
mkhlouf@c1r3p4:~/mygithub/minishell$ echo $HOME/test
/home/mkhlouf/test
mkhlouf@c1r3p4:~/mygithub/minishell$ echo $HOMEtest

mkhlouf@c1r3p4:~/mygithub/minishell$ echo $HOME"test"
/home/mkhlouftest
mkhlouf@c1r3p4:~/mygithub/minishell$ echo $HOME'test'
/home/mkhlouftest
mkhlouf@c1r3p4:~/mygithub/minishell$ echo $HOME$USER
/home/mkhloufmkhlouf


~ like $home
*/


i have to fix also this"
m'oh"am"ma'd


"$HOME$USER"